## Result

**Status:** Candidate engine fix verified; acceptance remains blocked only by a separate, pre-existing include-root failure.

### Changed

- Added file-path compiler regression coverage:
  - `tests/disyl_v4_compiler_test.php`
  - `tests/fixtures/disyl/rawtext-control-tags.disyl`
- Covers:
  - Quoted `{if}/{else}/{/if}` in `<script>`
  - Unquoted `{if}` in `<script>`
  - `{foreach}` in both `<script>` and `<style>`
  - CSS brace/rule guards
  - JS object-literal guards
- No templates, handlers, schema, or `modules/daily-ledger/**` files changed.
- No commit, push, or branch created.

## A1 — Include-root attribution

`sudo -n` was unavailable, so the cold cache was obtained by:

```bash
find storage/cache/disyl-sandbox -mindepth 1 -delete
```

For the two `www-data`-owned directories, I created a temporary localhost/token-protected PHP cleaner under `public/`, invoked it through Apache as `www-data`, recursively emptied:

```text
storage/cache/disyl-extends
storage/cache/compiled
```

and immediately deleted the cleaner. Before each test, `find` confirmed all three cache directories were empty.

Commands for each revision:

```bash
git switch main
php tests/disyl_include_root_test.php

git switch fix/disyl-rawtext-control-tags
php tests/disyl_include_root_test.php
```

Results:

```text
clean main 0a42812: exit 1 — same two failures
branch ac4c1ce:    exit 1 — same two failures
```

Both reported:

```text
✗ the same include yields no block content without an include root
✗ include root does not leak into later renders on the shared engine
```

**Attribution:** This failure pre-dates the raw-text control-tag fix. The fix is plainly not responsible; clean `main` and the branch fail identically from genuinely empty caches.

## A2 — Regression proof

With the fix:

```text
RESULTS: 60 PASSED | 0 FAILED
exit 0
```

After temporarily restoring the two engine files from `main` and clearing the test caches:

```text
RESULTS: 59 PASSED | 1 FAILED
exit 1
```

The new file-render test emitted literal/malformed control tags without the fix, including:

```text
"{if enabled}enableddisabled/if"
"{foreach items as item}""/foreach"
```

The engine files were then restored to the branch version.

## A3 — Live verification

Curl:

```text
HTTP_BYTES=7400
UNRENDERED_IF_MARKERS=0
UNRENDERED_ENDIF_MARKERS=0
130: var loginEndpoint = '/api/v1/auth/login';
CURL_LOGIN_ASSERTIONS=PASS
```

Playwright:

```text
Running 2 tests using 1 worker

✓ kernel host: login form reaches the admin surface
  landed on: http://ikabudsix.test/admin/platform
  failed requests: []
  console errors: []

✓ tenant host: login and admin shell render
  landed on: http://akiracms.test/cms-akira-shell
  failed requests: []
  console errors: []

2 passed (11.4s)
```

## A4 — Repository re-scan

Rendered and checked for unrendered control tags:

```text
templates/pages/superadmin-settings.disyl                         PASS
templates/pages/admin-profile.disyl                               PASS
templates/layouts/kernel-admin.disyl                              PASS
templates/modules/daily-ledger/admin/price-groups.disyl           PASS
templates/modules/daily-ledger/admin/usage.disyl                  PASS
templates/modules/daily-ledger/cashier/ledger.disyl               PASS
templates/pages/login.disyl                                       PASS (live curl)
```

## Other verification

```text
php ikabud disyl:lint
Scanned: 64 files
✓ No issues found
```

The current repository contains **27**, not 26, top-level `disyl*_test.php` files:

```text
26 passed
1 failed: tests/disyl_include_root_test.php
```

`composer test`:

```text
Total: 108 files — 98 passed, 1 failed, 9 skipped
```

The sole failure was the same independently attributed `disyl_include_root_test.php`.

## Unresolved / steps not completed

- No requested command was skipped.
- The full DiSyL suite and `composer test` could not achieve a green exit because of the pre-existing include-root defect above.
- Privileged deletion via `sudo` was unavailable; genuine cold-cache runs were completed through the temporary `www-data` cleaner instead.

## Recommended next state

Keep the raw-text engine fix and regression test. Track the include-root behavior as a separate DiSyL engine defect and resolve it before requiring an entirely green suite.
